
          Order book: book-1

         BID         -         ASK
    101.30@90        -     98.60@27        
    101.20@273       -     98.80@137       
    101.10@337       -     98.90@66        
    101.00@72        -     99.00@255       
    100.90@682       -     99.10@270       
    100.80@423       -     99.20@616       
    100.70@884       -     99.30@840       
    100.60@1001      -     99.40@979       
    100.50@1033      -     99.50@1211      
    100.40@1329      -     99.60@1669      
    100.30@794       -     99.70@1602      
    100.00@239       -    100.10@1926      
     99.90@2578      -    100.20@427       
     99.80@531       -         ---

          Order book: book-2

         BID         -         ASK
    101.40@25        -     98.60@88        
    101.30@144       -     98.70@139       
    101.20@60        -     98.80@222       
    101.10@158       -     98.90@226       
    101.00@422       -     99.00@371       
    100.90@321       -     99.10@570       
    100.80@409       -     99.20@524       
    100.70@480       -     99.30@236       
    100.60@822       -     99.40@747       
    100.50@723       -     99.50@1480      
    100.40@1205      -     99.60@1114      
    100.30@1392      -     99.70@600       
     99.90@3078      -     99.80@458       
         ---         -    100.00@711       
         ---         -    100.10@2147      
         ---         -    100.20@476       

          Order book: book-3

         BID         -         ASK
    101.40@73        -     98.50@62        
    101.20@225       -     98.60@29        
    101.10@32        -     98.80@36        
    101.00@307       -     98.90@125       
    100.90@661       -     99.00@258       
    100.80@533       -     99.10@283       
    100.70@492       -     99.20@277       
    100.60@1079      -     99.30@1037      
    100.50@1285      -     99.40@575       
    100.40@938       -     99.50@1238      
    100.30@422       -     99.60@1039      
    100.20@740       -     99.70@893       
     99.90@3033      -     99.80@827       
         ---         -    100.00@661       
         ---         -    100.10@2658      
