
          Order book: book-1

         BID         -         ASK
    100.80@7         -     99.50@30        
    100.70@83        -    100.10@155       
    100.00@50        -    100.20@28        
     99.90@106       -    100.40@139       
     99.80@139       -    100.50@122       
     99.70@115       -    101.70@25        
     99.20@55        -         ---

          Order book: book-2

         BID         -         ASK
    101.00@96        -     99.00@20        
    100.80@81        -    100.10@84        
    100.30@60        -    100.20@244       
    100.00@166       -    100.50@125       
     99.90@169       -         ---
     99.80@21        -         ---
     99.70@1         -         ---
     99.60@84        -         ---
     99.50@152       -         ---
     99.40@78        -         ---
     99.30@34        -         ---

          Order book: book-3

         BID         -         ASK
    100.30@95        -     99.80@81        
    100.20@91        -    100.00@356       
     99.90@161       -    100.10@71        
     99.60@50        -    100.40@169       
     99.50@86        -    100.60@76        
     99.40@56        -    100.70@1         
     99.30@49        -         ---
     98.90@44        -         ---
