
          Order book: book-1

         BID         -         ASK
    102.30@67        -     97.50@92        
    102.10@105       -     97.70@42        
    102.00@327       -     97.90@81        
    101.90@652       -     98.00@248       
    101.80@746       -     98.10@487       
    101.70@1965      -     98.20@866       
    101.60@2958      -     98.30@2446      
    101.50@7192      -     98.40@4152      
    101.40@12863     -     98.50@6527      
    101.30@21322     -     98.60@12305     
    101.20@34831     -     98.70@21732     
    101.10@52708     -     98.80@31207     
    101.00@76636     -     98.90@54296     
    100.90@110449    -     99.00@81511     
    100.80@150373    -     99.10@119845    
    100.70@187652    -     99.20@150278    
    100.60@256083    -     99.30@200973    
    100.50@306577    -     99.40@257222    
    100.40@360716    -     99.50@303251    
    100.30@298252    -     99.60@355196    
     99.90@573177    -     99.70@296234    
     99.80@7487      -    100.00@4456      
         ---         -    100.10@544879    
         ---         -    100.20@5832      

          Order book: book-2

         BID         -         ASK
    102.10@143       -     97.60@44        
    102.00@159       -     97.80@8         
    101.90@454       -     97.90@193       
    101.80@862       -     98.00@339       
    101.70@1980      -     98.10@778       
    101.60@4175      -     98.20@1109      
    101.50@5603      -     98.30@2155      
    101.40@12335     -     98.40@3682      
    101.30@20110     -     98.50@6389      
    101.20@37026     -     98.60@13665     
    101.10@51008     -     98.70@20559     
    101.00@79794     -     98.80@31757     
    100.90@108679    -     98.90@50235     
    100.80@154274    -     99.00@76538     
    100.70@199383    -     99.10@112117    
    100.60@255709    -     99.20@151569    
    100.50@319936    -     99.30@205978    
    100.40@356351    -     99.40@255652    
    100.30@289706    -     99.50@310250    
     99.90@559395    -     99.60@354386    
     99.80@6129      -     99.70@281778    
         ---         -    100.00@8711      
         ---         -    100.10@558921    
         ---         -    100.20@14167     

          Order book: book-3

         BID         -         ASK
    102.20@45        -     97.70@88        
    102.00@586       -     97.90@57        
    101.90@549       -     98.00@166       
    101.80@588       -     98.10@491       
    101.70@1981      -     98.20@1214      
    101.60@4086      -     98.30@1748      
    101.50@6575      -     98.40@4669      
    101.40@13421     -     98.50@5956      
    101.30@21386     -     98.60@11529     
    101.20@34997     -     98.70@20869     
    101.10@50912     -     98.80@34635     
    101.00@76089     -     98.90@52991     
    100.90@112392    -     99.00@79696     
    100.80@156661    -     99.10@112782    
    100.70@205356    -     99.20@148597    
    100.60@261090    -     99.30@209446    
    100.50@315568    -     99.40@258978    
    100.40@361047    -     99.50@307506    
    100.30@278826    -     99.60@356958    
    100.00@26582     -     99.70@288808    
     99.90@542796    -    100.10@563466    
     99.80@12243     -    100.20@20828     
